  2026-09-27 13:54:07 App\Jobs\DownloadProductImageJob  2026-09-27 13:54:07 App\Jobs\DownloadProductImageJob ............... RUNNING
 ............... RUNNING
  2026-09-27 13:54:07 App\Jobs\DownloadProductImageJob  2026-09-27 13:54:07 App\Jobs\DownloadProductImageJob ............... RUNNING
 ............... RUNNING
  2026-09-27 13:54:08 App\Jobs\DownloadProductImageJob ............... 1s DONE
  2026-09-27 13:54:08 App\Jobs\DownloadProductImageJob ............... RUNNING
  2026-09-27 13:54:08 App\Jobs\DownloadProductImageJob ............... 1s DONE
  2026-09-27 13:54:08 App\Jobs\DownloadProductImageJob ............... RUNNING
  2026-09-27 13:54:09 App\Jobs\DownloadProductImageJob  2026-09-27 13:54:09 App\Jobs\DownloadProductImageJob ............... 2s DONE
  2026-09-27 13:54:09 App\Jobs\DownloadProductImageJob ............... RUNNING
 ............... 2s DONE
  2026-09-27 13:54:09 App\Jobs\DownloadProductImageJob ............... RUNNING
  2026-09-27 13:54:09 App\Jobs\DownloadProductImageJob ......... 668.89ms DONE
  2026-09-27 13:54:09 App\Jobs\DownloadProductImageJob ............... RUNNING
  2026-09-27 13:54:09 App\Jobs\DownloadProductImageJob ......... 844.99ms DONE
  2026-09-27 13:54:09 App\Jobs\DownloadProductImageJob ............... RUNNING
  2026-09-27 13:54:10 App\Jobs\DownloadProductImageJob ......... 737.20ms DONE
  2026-09-27 13:54:10 App\Jobs\DownloadProductImageJob ............... RUNNING
  2026-09-27 13:54:10 App\Jobs\DownloadProductImageJob ............... 1s DONE
  2026-09-27 13:54:10 App\Jobs\DownloadProductImageJob ............... RUNNING
  2026-09-27 13:54:10 App\Jobs\DownloadProductImageJob ............... 1s DONE
  2026-09-27 13:54:10 App\Jobs\DownloadProductImageJob ............... RUNNING
  2026-09-27 13:54:10 App\Jobs\DownloadProductImageJob ......... 768.00ms DONE
  2026-09-27 13:54:10 App\Jobs\DownloadProductImageJob ............... RUNNING
  2026-09-27 13:54:11 App\Jobs\DownloadProductImageJob ......... 715.61ms DONE
  2026-09-27 13:54:11 App\Jobs\DownloadProductImageJob ............... RUNNING
  2026-09-27 13:54:11 App\Jobs\DownloadProductImageJob ......... 962.65ms DONE
  2026-09-27 13:54:11 App\Jobs\DownloadProductImageJob ............... RUNNING
  2026-09-27 13:54:11 App\Jobs\DownloadProductImageJob ............... 1s DONE
  2026-09-27 13:54:11 App\Jobs\DownloadProductImageJob ............... RUNNING
  2026-09-27 13:54:12 App\Jobs\DownloadProductImageJob ............... 1s DONE
  2026-09-27 13:54:12 App\Jobs\DownloadProductImageJob ............... RUNNING
  2026-09-27 13:54:12 App\Jobs\DownloadProductImageJob ......... 933.32ms DONE
  2026-09-27 13:54:12 App\Jobs\DownloadProductImageJob ............... RUNNING
  2026-09-27 13:54:12 App\Jobs\DownloadProductImageJob ............... 1s DONE
  2026-09-27 13:54:12 App\Jobs\DownloadProductImageJob ............... RUNNING
  2026-09-27 13:54:12 App\Jobs\DownloadProductImageJob ............... 1s DONE
  2026-09-27 13:54:12 App\Jobs\DownloadProductImageJob ............... RUNNING
  2026-09-27 13:54:12 App\Jobs\DownloadProductImageJob ......... 764.75ms DONE
  2026-09-27 13:54:12 App\Jobs\DownloadProductImageJob ............... RUNNING
  2026-09-27 13:54:13 App\Jobs\DownloadProductImageJob ............... 1s DONE
  2026-09-27 13:54:13 App\Jobs\DownloadProductImageJob ............... RUNNING
  2026-09-27 13:54:13 App\Jobs\DownloadProductImageJob ............... 1s DONE
  2026-09-27 13:54:13 App\Jobs\DownloadProductImageJob ............... RUNNING
  2026-09-27 13:54:14 App\Jobs\DownloadProductImageJob ............... 1s DONE
  2026-09-27 13:54:14 App\Jobs\DownloadProductImageJob ............... RUNNING
  2026-09-27 13:54:14 App\Jobs\DownloadProductImageJob ............... 1s DONE
  2026-09-27 13:54:14 App\Jobs\DownloadProductImageJob ............... RUNNING
  2026-09-27 13:54:14 App\Jobs\DownloadProductImageJob ............... 1s DONE
  2026-09-27 13:54:14 App\Jobs\DownloadProductImageJob ............... RUNNING
  2026-09-27 13:54:14 App\Jobs\DownloadProductImageJob ............... 1s DONE
  2026-09-27 13:54:14 App\Jobs\DownloadProductImageJob ............... RUNNING
  2026-09-27 13:54:15 App\Jobs\DownloadProductImageJob ......... 724.96ms DONE
  2026-09-27 13:54:15 App\Jobs\DownloadProductImageJob ............... RUNNING
  2026-09-27 13:54:15 App\Jobs\DownloadProductImageJob ......... 672.73ms DONE
  2026-09-27 13:54:15 App\Jobs\DownloadProductImageJob ............... RUNNING
  2026-09-27 13:54:15 App\Jobs\DownloadProductImageJob ......... 975.65ms DONE
  2026-09-27 13:54:15 App\Jobs\DownloadProductImageJob ............... RUNNING
  2026-09-27 13:54:15 App\Jobs\DownloadProductImageJob ............... 1s DONE
  2026-09-27 13:54:15 App\Jobs\DownloadProductImageJob ............... RUNNING
  2026-09-27 13:54:15 App\Jobs\DownloadProductImageJob ......... 594.81ms DONE
  2026-09-27 13:54:15 App\Jobs\DownloadProductImageJob ............... RUNNING
  2026-09-27 13:54:15 App\Jobs\DownloadProductImageJob ......... 805.03ms DONE
  2026-09-27 13:54:15 App\Jobs\DownloadProductImageJob ............... RUNNING
  2026-09-27 13:54:16 App\Jobs\DownloadProductImageJob ......... 943.02ms DONE
  2026-09-27 13:54:16 App\Jobs\DownloadProductImageJob ............... RUNNING
  2026-09-27 13:54:16 App\Jobs\DownloadProductImageJob ............... 1s DONE
  2026-09-27 13:54:16 App\Jobs\DownloadProductImageJob ............... RUNNING
  2026-09-27 13:54:17 App\Jobs\DownloadProductImageJob ............... 1s DONE
  2026-09-27 13:54:17 App\Jobs\DownloadProductImageJob ............... RUNNING
  2026-09-27 13:54:17 App\Jobs\DownloadProductImageJob ............... 1s DONE
  2026-09-27 13:54:17 App\Jobs\DownloadProductImageJob ............... RUNNING
  2026-09-27 13:54:17 App\Jobs\DownloadProductImageJob ............... 1s DONE
  2026-09-27 13:54:17 App\Jobs\DownloadProductImageJob ............... RUNNING
  2026-09-27 13:54:17 App\Jobs\DownloadProductImageJob ......... 735.33ms DONE
  2026-09-27 13:54:17 App\Jobs\DownloadProductImageJob ............... RUNNING
  2026-09-27 13:54:18 App\Jobs\DownloadProductImageJob ............... 1s DONE
  2026-09-27 13:54:18 App\Jobs\DownloadProductImageJob ............... RUNNING
  2026-09-27 13:54:18 App\Jobs\DownloadProductImageJob ......... 997.58ms DONE
  2026-09-27 13:54:18 App\Jobs\DownloadProductImageJob ............... RUNNING
  2026-09-27 13:54:18 App\Jobs\DownloadProductImageJob ......... 822.16ms DONE
  2026-09-27 13:54:18 App\Jobs\DownloadProductImageJob ............... RUNNING
  2026-09-27 13:54:18 App\Jobs\DownloadProductImageJob ............... 1s DONE
  2026-09-27 13:54:18 App\Jobs\DownloadProductImageJob ............... RUNNING
  2026-09-27 13:54:19 App\Jobs\DownloadProductImageJob ......... 918.71ms DONE
  2026-09-27 13:54:19 App\Jobs\DownloadProductImageJob ......... 898.48ms DONE
  2026-09-27 13:54:19 App\Jobs\DownloadProductImageJob ......... 835.09ms DONE
  2026-09-27 13:54:21 App\Jobs\DownloadProductImageJob ............... 2s DONE
